
Discarded input sections

 .ARM.attributes
                0x0000000000000000       0x14 build/main.o
 .comment       0x0000000000000000       0x20 build/ex-06.o
 .ARM.attributes
                0x0000000000000000       0x30 build/ex-06.o
 .comment       0x0000000000000000       0x20 build/stdlib.o
 .ARM.attributes
                0x0000000000000000       0x30 build/stdlib.o

Memory Configuration

Name             Origin             Length             Attributes
*default*        0x0000000000000000 0xffffffffffffffff

Linker script and memory map

LOAD build/main.o
LOAD build/ex-06.o
LOAD build/stdlib.o

.init           0x0000000000008000        0xc
 *(.init)
 .init          0x0000000000008000        0xc build/main.o
                0x0000000000008000                _start

.data           0x000000000000800c       0x34
 *(.data)
 .data          0x000000000000800c        0x0 build/main.o
 .data          0x000000000000800c       0x30 build/ex-06.o
                0x000000000000800c                CEU_REQS
                0x0000000000008010                CEU_GC
 .data          0x000000000000803c        0x4 build/stdlib.o
                0x000000000000803c                MEM_i
 *.c.o(*)

.rodata
 *(.rodata)
 *.c.o(*)

.text           0x0000000000008040      0xcf8
 *.c.o(.text)
 *(.text)
 .text          0x0000000000008040        0x0 build/main.o
 .text          0x0000000000008040      0xb80 build/ex-06.o
                0x0000000000008040                ceu_sys_req
                0x0000000000008078                ceu_sys_org
                0x00000000000080f0                ceu_sys_wclock
                0x00000000000081d8                ceu_sys_go
                0x0000000000008574                ceu_go_all
                0x0000000000008b7c                notmain
 .text          0x0000000000008bc0      0x178 build/stdlib.o
                0x0000000000008bc0                malloc
                0x0000000000008c3c                free
                0x0000000000008c58                memset
                0x0000000000008cc4                memcpy

.bss            0x0000000000008d38    0x186a0
 *.c.o(.bss)
 *(.bss)
 .bss           0x0000000000008d38        0x0 build/main.o
 .bss           0x0000000000008d38        0x0 build/ex-06.o
 .bss           0x0000000000008d38    0x186a0 build/stdlib.o

/DISCARD/
 *(*)
OUTPUT(build/output.elf elf32-littlearm)
